// Jest Snapshot v1, https://goo.gl/fbAQLP

exports[`SignUp screen matches last snapshot 1`] = `
Object {
  "asFragment": [Function],
  "baseElement": <body>
    <div>
      <div
        class="column center middle full-width full-height"
      >
        <form
          class="m-bottom-2 signUpForm"
        >
          <img
            alt="Global:logoWolox"
            class="m-bottom-3 logo"
            src="LogoWolox-Original.png"
          />
          <div
            class="column start m-bottom-3 inputContainer"
          >
            <label
              class="m-bottom-2 label"
              for="first_name"
              id="firstname-label"
            >
              SignUp:firstName
            </label>
            <input
              aria-labelledby="firstname-label"
              class="input"
              name="first_name"
            />
          </div>
          <div
            class="column start m-bottom-3 inputContainer"
          >
            <label
              class="m-bottom-2 label"
              for="last_name"
              id="lastname-label"
            >
              SignUp:lastName
            </label>
            <input
              aria-labelledby="lastname-label"
              class="input"
              name="last_name"
            />
          </div>
          <div
            class="column start m-bottom-3 inputContainer"
          >
            <label
              class="m-bottom-2 label"
              for="email"
              id="email-label"
            >
              SignUp:email
            </label>
            <input
              aria-labelledby="email-label"
              class="input"
              name="email"
              type="email"
            />
          </div>
          <div
            class="column start m-bottom-3 inputContainer"
          >
            <label
              class="m-bottom-2 label"
              for="password"
              id="password-label"
            >
              SignUp:password
            </label>
            <input
              aria-labelledby="password-label"
              class="input"
              name="password"
              type="password"
            />
          </div>
          <div
            class="column start m-bottom-5 inputContainer"
          >
            <label
              class="m-bottom-2 label"
              for="password_confirmation"
              id="password-confirmation-label"
            >
              SignUp:passwordConfirmation
            </label>
            <input
              aria-labelledby="password-confirmation-label"
              class="input"
              name="password_confirmation"
              type="password"
            />
          </div>
          <button
            class="m-bottom-3 signUpButton"
            type="submit"
          >
            SignUp:signUpTitle
          </button>
          <div
            class="m-bottom-3 line"
          />
          <button
            class="signUpButtonSecondary"
            type="button"
          />
        </form>
      </div>
    </div>
  </body>,
  "container": <div>
    <div
      class="column center middle full-width full-height"
    >
      <form
        class="m-bottom-2 signUpForm"
      >
        <img
          alt="Global:logoWolox"
          class="m-bottom-3 logo"
          src="LogoWolox-Original.png"
        />
        <div
          class="column start m-bottom-3 inputContainer"
        >
          <label
            class="m-bottom-2 label"
            for="first_name"
            id="firstname-label"
          >
            SignUp:firstName
          </label>
          <input
            aria-labelledby="firstname-label"
            class="input"
            name="first_name"
          />
        </div>
        <div
          class="column start m-bottom-3 inputContainer"
        >
          <label
            class="m-bottom-2 label"
            for="last_name"
            id="lastname-label"
          >
            SignUp:lastName
          </label>
          <input
            aria-labelledby="lastname-label"
            class="input"
            name="last_name"
          />
        </div>
        <div
          class="column start m-bottom-3 inputContainer"
        >
          <label
            class="m-bottom-2 label"
            for="email"
            id="email-label"
          >
            SignUp:email
          </label>
          <input
            aria-labelledby="email-label"
            class="input"
            name="email"
            type="email"
          />
        </div>
        <div
          class="column start m-bottom-3 inputContainer"
        >
          <label
            class="m-bottom-2 label"
            for="password"
            id="password-label"
          >
            SignUp:password
          </label>
          <input
            aria-labelledby="password-label"
            class="input"
            name="password"
            type="password"
          />
        </div>
        <div
          class="column start m-bottom-5 inputContainer"
        >
          <label
            class="m-bottom-2 label"
            for="password_confirmation"
            id="password-confirmation-label"
          >
            SignUp:passwordConfirmation
          </label>
          <input
            aria-labelledby="password-confirmation-label"
            class="input"
            name="password_confirmation"
            type="password"
          />
        </div>
        <button
          class="m-bottom-3 signUpButton"
          type="submit"
        >
          SignUp:signUpTitle
        </button>
        <div
          class="m-bottom-3 line"
        />
        <button
          class="signUpButtonSecondary"
          type="button"
        />
      </form>
    </div>
  </div>,
  "debug": [Function],
  "findAllByAltText": [Function],
  "findAllByDisplayValue": [Function],
  "findAllByLabelText": [Function],
  "findAllByPlaceholderText": [Function],
  "findAllByRole": [Function],
  "findAllByTestId": [Function],
  "findAllByText": [Function],
  "findAllByTitle": [Function],
  "findByAltText": [Function],
  "findByDisplayValue": [Function],
  "findByLabelText": [Function],
  "findByPlaceholderText": [Function],
  "findByRole": [Function],
  "findByTestId": [Function],
  "findByText": [Function],
  "findByTitle": [Function],
  "getAllByAltText": [Function],
  "getAllByDisplayValue": [Function],
  "getAllByLabelText": [Function],
  "getAllByPlaceholderText": [Function],
  "getAllByRole": [Function],
  "getAllByTestId": [Function],
  "getAllByText": [Function],
  "getAllByTitle": [Function],
  "getByAltText": [Function],
  "getByDisplayValue": [Function],
  "getByLabelText": [Function],
  "getByPlaceholderText": [Function],
  "getByRole": [Function],
  "getByTestId": [Function],
  "getByText": [Function],
  "getByTitle": [Function],
  "queryAllByAltText": [Function],
  "queryAllByDisplayValue": [Function],
  "queryAllByLabelText": [Function],
  "queryAllByPlaceholderText": [Function],
  "queryAllByRole": [Function],
  "queryAllByTestId": [Function],
  "queryAllByText": [Function],
  "queryAllByTitle": [Function],
  "queryByAltText": [Function],
  "queryByDisplayValue": [Function],
  "queryByLabelText": [Function],
  "queryByPlaceholderText": [Function],
  "queryByRole": [Function],
  "queryByTestId": [Function],
  "queryByText": [Function],
  "queryByTitle": [Function],
  "rerender": [Function],
  "unmount": [Function],
}
`;
